(APIServer pid=3579385) INFO 07-21 13:09:03 [utils.py:302] 
(APIServer pid=3579385) INFO 07-21 13:09:03 [utils.py:302]        █     █     █▄   ▄█
(APIServer pid=3579385) INFO 07-21 13:09:03 [utils.py:302]  ▄▄ ▄█ █     █     █ ▀▄▀ █  version 0.17.1
(APIServer pid=3579385) INFO 07-21 13:09:03 [utils.py:302]   █▄█▀ █     █     █     █  model   /apdcephfs_gy7/share_305004851/hunyuan/yinanliang/models/Qwen3-VL-235B-A22B-Instruct-FP8
(APIServer pid=3579385) INFO 07-21 13:09:03 [utils.py:302]    ▀▀  ▀▀▀▀▀ ▀▀▀▀▀ ▀     ▀
(APIServer pid=3579385) INFO 07-21 13:09:03 [utils.py:302] 
(APIServer pid=3579385) INFO 07-21 13:09:03 [utils.py:238] non-default args: {'host': '0.0.0.0', 'model': '/apdcephfs_gy7/share_305004851/hunyuan/yinanliang/models/Qwen3-VL-235B-A22B-Instruct-FP8', 'trust_remote_code': True, 'max_model_len': 32768, 'enforce_eager': True, 'served_model_name': ['Qwen3-VL-235B-A22B-Instruct-FP8'], 'distributed_executor_backend': 'mp', 'tensor_parallel_size': 4, 'limit_mm_per_prompt': {'video': 0}, 'max_num_batched_tokens': 8192, 'max_num_seqs': 128}
(APIServer pid=3579385) WARNING 07-21 13:09:03 [envs.py:1710] Unknown vLLM environment variable detected: VLLM_USE_FLASHINFER_ALLREDUCE_FUSION
(APIServer pid=3579385) The argument `trust_remote_code` is to be used with Auto classes. It has no effect here and is ignored.
(APIServer pid=3579385) The argument `trust_remote_code` is to be used with Auto classes. It has no effect here and is ignored.
(APIServer pid=3579385) INFO 07-21 13:09:03 [model.py:531] Resolved architecture: Qwen3VLMoeForConditionalGeneration
(APIServer pid=3579385) INFO 07-21 13:09:03 [model.py:1554] Using max model len 32768
(APIServer pid=3579385) INFO 07-21 13:09:08 [scheduler.py:231] Chunked prefill is enabled with max_num_batched_tokens=8192.
(APIServer pid=3579385) INFO 07-21 13:09:08 [vllm.py:747] Asynchronous scheduling is enabled.
(APIServer pid=3579385) WARNING 07-21 13:09:08 [vllm.py:781] Enforce eager set, disabling torch.compile and CUDAGraphs. This is equivalent to setting -cc.mode=none -cc.cudagraph_mode=none
(APIServer pid=3579385) WARNING 07-21 13:09:08 [vllm.py:792] Inductor compilation was disabled by user settings, optimizations settings that are only active during inductor compilation will be ignored.
(APIServer pid=3579385) INFO 07-21 13:09:08 [vllm.py:957] Cudagraph is disabled under eager mode
(APIServer pid=3579385) <frozen importlib._bootstrap_external>:1301: FutureWarning: The cuda.cudart module is deprecated and will be removed in a future release, please switch to use the cuda.bindings.runtime module instead.
(APIServer pid=3579385) <frozen importlib._bootstrap_external>:1301: FutureWarning: The cuda.nvrtc module is deprecated and will be removed in a future release, please switch to use the cuda.bindings.nvrtc module instead.
(EngineCore_DP0 pid=3579552) INFO 07-21 13:09:49 [core.py:101] Initializing a V1 LLM engine (v0.17.1) with config: model='/apdcephfs_gy7/share_305004851/hunyuan/yinanliang/models/Qwen3-VL-235B-A22B-Instruct-FP8', speculative_config=None, tokenizer='/apdcephfs_gy7/share_305004851/hunyuan/yinanliang/models/Qwen3-VL-235B-A22B-Instruct-FP8', skip_tokenizer_init=False, tokenizer_mode=auto, revision=None, tokenizer_revision=None, trust_remote_code=True, dtype=torch.bfloat16, max_seq_len=32768, download_dir=None, load_format=auto, tensor_parallel_size=4, pipeline_parallel_size=1, data_parallel_size=1, disable_custom_all_reduce=False, quantization=fp8, enforce_eager=True, enable_return_routed_experts=False, kv_cache_dtype=auto, device_config=cuda, structured_outputs_config=StructuredOutputsConfig(backend='auto', disable_fallback=False, disable_any_whitespace=False, disable_additional_properties=False, reasoning_parser='', reasoning_parser_plugin='', enable_in_reasoning=False), observability_config=ObservabilityConfig(show_hidden_metrics_for_version=None, otlp_traces_endpoint=None, collect_detailed_traces=None, kv_cache_metrics=False, kv_cache_metrics_sample=0.01, cudagraph_metrics=False, enable_layerwise_nvtx_tracing=False, enable_mfu_metrics=False, enable_mm_processor_stats=False, enable_logging_iteration_details=False), seed=0, served_model_name=Qwen3-VL-235B-A22B-Instruct-FP8, enable_prefix_caching=True, enable_chunked_prefill=True, pooler_config=None, compilation_config={'level': None, 'mode': <CompilationMode.NONE: 0>, 'debug_dump_path': None, 'cache_dir': '', 'compile_cache_save_format': 'binary', 'backend': 'inductor', 'custom_ops': ['+quant_fp8', 'all', '+quant_fp8'], 'splitting_ops': [], 'compile_mm_encoder': False, 'compile_sizes': [], 'compile_ranges_split_points': [256, 8192], 'inductor_compile_config': {'enable_auto_functionalized_v2': False, 'combo_kernels': True, 'benchmark_combo_kernel': True}, 'inductor_passes': {}, 'cudagraph_mode': <CUDAGraphMode.NONE: 0>, 'cudagraph_num_of_warmups': 0, 'cudagraph_capture_sizes': [], 'cudagraph_copy_inputs': False, 'cudagraph_specialize_lora': True, 'use_inductor_graph_partition': False, 'pass_config': {'fuse_norm_quant': True, 'fuse_act_quant': True, 'fuse_attn_quant': False, 'enable_sp': False, 'fuse_gemm_comms': False, 'fuse_allreduce_rms': True}, 'max_cudagraph_capture_size': 0, 'dynamic_shapes_config': {'type': <DynamicShapesType.BACKED: 'backed'>, 'evaluate_guards': False, 'assume_32_bit_indexing': False}, 'local_cache_dir': None, 'fast_moe_cold_start': True, 'static_all_moe_layers': []}
(EngineCore_DP0 pid=3579552) INFO 07-21 13:09:49 [multiproc_executor.py:134] DP group leader: node_rank=0, node_rank_within_dp=0, master_addr=127.0.0.1, mq_connect_ip=29.119.83.142 (local), world_size=4, local_world_size=4
(Worker pid=3579560) INFO 07-21 13:10:30 [parallel_state.py:1393] world_size=4 rank=0 local_rank=0 distributed_init_method=tcp://127.0.0.1:60791 backend=nccl
(Worker pid=3579563) INFO 07-21 13:10:30 [parallel_state.py:1393] world_size=4 rank=3 local_rank=3 distributed_init_method=tcp://127.0.0.1:60791 backend=nccl
(Worker pid=3579561) INFO 07-21 13:10:30 [parallel_state.py:1393] world_size=4 rank=1 local_rank=1 distributed_init_method=tcp://127.0.0.1:60791 backend=nccl
(Worker pid=3579562) INFO 07-21 13:10:30 [parallel_state.py:1393] world_size=4 rank=2 local_rank=2 distributed_init_method=tcp://127.0.0.1:60791 backend=nccl
(Worker pid=3579561) <frozen importlib._bootstrap_external>:1301: FutureWarning: The cuda.cudart module is deprecated and will be removed in a future release, please switch to use the cuda.bindings.runtime module instead.
(Worker pid=3579560) <frozen importlib._bootstrap_external>:1301: FutureWarning: The cuda.cudart module is deprecated and will be removed in a future release, please switch to use the cuda.bindings.runtime module instead.
(Worker pid=3579563) <frozen importlib._bootstrap_external>:1301: FutureWarning: The cuda.cudart module is deprecated and will be removed in a future release, please switch to use the cuda.bindings.runtime module instead.
(Worker pid=3579562) <frozen importlib._bootstrap_external>:1301: FutureWarning: The cuda.cudart module is deprecated and will be removed in a future release, please switch to use the cuda.bindings.runtime module instead.
(Worker pid=3579561) <frozen importlib._bootstrap_external>:1301: FutureWarning: The cuda.nvrtc module is deprecated and will be removed in a future release, please switch to use the cuda.bindings.nvrtc module instead.
(Worker pid=3579562) <frozen importlib._bootstrap_external>:1301: FutureWarning: The cuda.nvrtc module is deprecated and will be removed in a future release, please switch to use the cuda.bindings.nvrtc module instead.
(Worker pid=3579563) <frozen importlib._bootstrap_external>:1301: FutureWarning: The cuda.nvrtc module is deprecated and will be removed in a future release, please switch to use the cuda.bindings.nvrtc module instead.
(Worker pid=3579560) <frozen importlib._bootstrap_external>:1301: FutureWarning: The cuda.nvrtc module is deprecated and will be removed in a future release, please switch to use the cuda.bindings.nvrtc module instead.
(Worker pid=3579560) INFO 07-21 13:10:33 [pynccl.py:111] vLLM is using nccl==2.27.5
(Worker pid=3579560) INFO 07-21 13:10:37 [parallel_state.py:1715] rank 0 in world size 4 is assigned as DP rank 0, PP rank 0, PCP rank 0, TP rank 0, EP rank 0, EPLB rank N/A
(Worker pid=3579561) INFO 07-21 13:10:37 [parallel_state.py:1715] rank 1 in world size 4 is assigned as DP rank 0, PP rank 0, PCP rank 0, TP rank 1, EP rank 1, EPLB rank N/A
(Worker pid=3579563) INFO 07-21 13:10:37 [parallel_state.py:1715] rank 3 in world size 4 is assigned as DP rank 0, PP rank 0, PCP rank 0, TP rank 3, EP rank 3, EPLB rank N/A
(Worker pid=3579562) INFO 07-21 13:10:37 [parallel_state.py:1715] rank 2 in world size 4 is assigned as DP rank 0, PP rank 0, PCP rank 0, TP rank 2, EP rank 2, EPLB rank N/A
(Worker pid=3579562) INFO 07-21 13:10:41 [base.py:106] Offloader set to NoopOffloader
(Worker pid=3579560) INFO 07-21 13:10:41 [base.py:106] Offloader set to NoopOffloader
(Worker pid=3579560) (Worker_TP0 pid=3579560) INFO 07-21 13:10:41 [gpu_model_runner.py:4281] Starting to load model /apdcephfs_gy7/share_305004851/hunyuan/yinanliang/models/Qwen3-VL-235B-A22B-Instruct-FP8...
(Worker pid=3579563) INFO 07-21 13:10:41 [base.py:106] Offloader set to NoopOffloader
(Worker pid=3579561) INFO 07-21 13:10:41 [base.py:106] Offloader set to NoopOffloader
(Worker pid=3579562) (Worker_TP2 pid=3579562) INFO 07-21 13:10:41 [cuda.py:453] Using backend AttentionBackendEnum.FLASH_ATTN for vit attention
(Worker pid=3579562) (Worker_TP2 pid=3579562) INFO 07-21 13:10:41 [mm_encoder_attention.py:215] Using AttentionBackendEnum.FLASH_ATTN for MMEncoderAttention.
(Worker pid=3579562) (Worker_TP2 pid=3579562) INFO 07-21 13:10:41 [vllm.py:747] Asynchronous scheduling is enabled.
(Worker pid=3579562) (Worker_TP2 pid=3579562) WARNING 07-21 13:10:41 [vllm.py:781] Enforce eager set, disabling torch.compile and CUDAGraphs. This is equivalent to setting -cc.mode=none -cc.cudagraph_mode=none
(Worker pid=3579562) (Worker_TP2 pid=3579562) WARNING 07-21 13:10:41 [vllm.py:792] Inductor compilation was disabled by user settings, optimizations settings that are only active during inductor compilation will be ignored.
(Worker pid=3579562) (Worker_TP2 pid=3579562) INFO 07-21 13:10:41 [vllm.py:957] Cudagraph is disabled under eager mode
(Worker pid=3579560) (Worker_TP0 pid=3579560) INFO 07-21 13:10:41 [cuda.py:453] Using backend AttentionBackendEnum.FLASH_ATTN for vit attention
(Worker pid=3579560) (Worker_TP0 pid=3579560) INFO 07-21 13:10:41 [mm_encoder_attention.py:215] Using AttentionBackendEnum.FLASH_ATTN for MMEncoderAttention.
(Worker pid=3579563) (Worker_TP3 pid=3579563) INFO 07-21 13:10:41 [cuda.py:453] Using backend AttentionBackendEnum.FLASH_ATTN for vit attention
(Worker pid=3579563) (Worker_TP3 pid=3579563) INFO 07-21 13:10:41 [mm_encoder_attention.py:215] Using AttentionBackendEnum.FLASH_ATTN for MMEncoderAttention.
(Worker pid=3579560) (Worker_TP0 pid=3579560) INFO 07-21 13:10:41 [vllm.py:747] Asynchronous scheduling is enabled.
(Worker pid=3579560) (Worker_TP0 pid=3579560) WARNING 07-21 13:10:41 [vllm.py:781] Enforce eager set, disabling torch.compile and CUDAGraphs. This is equivalent to setting -cc.mode=none -cc.cudagraph_mode=none
(Worker pid=3579560) (Worker_TP0 pid=3579560) WARNING 07-21 13:10:41 [vllm.py:792] Inductor compilation was disabled by user settings, optimizations settings that are only active during inductor compilation will be ignored.
(Worker pid=3579560) (Worker_TP0 pid=3579560) INFO 07-21 13:10:41 [vllm.py:957] Cudagraph is disabled under eager mode
(Worker pid=3579563) (Worker_TP3 pid=3579563) INFO 07-21 13:10:41 [vllm.py:747] Asynchronous scheduling is enabled.
(Worker pid=3579563) (Worker_TP3 pid=3579563) WARNING 07-21 13:10:41 [vllm.py:781] Enforce eager set, disabling torch.compile and CUDAGraphs. This is equivalent to setting -cc.mode=none -cc.cudagraph_mode=none
(Worker pid=3579563) (Worker_TP3 pid=3579563) WARNING 07-21 13:10:41 [vllm.py:792] Inductor compilation was disabled by user settings, optimizations settings that are only active during inductor compilation will be ignored.
(Worker pid=3579563) (Worker_TP3 pid=3579563) INFO 07-21 13:10:41 [vllm.py:957] Cudagraph is disabled under eager mode
(Worker pid=3579561) (Worker_TP1 pid=3579561) INFO 07-21 13:10:41 [cuda.py:453] Using backend AttentionBackendEnum.FLASH_ATTN for vit attention
(Worker pid=3579561) (Worker_TP1 pid=3579561) INFO 07-21 13:10:41 [mm_encoder_attention.py:215] Using AttentionBackendEnum.FLASH_ATTN for MMEncoderAttention.
(Worker pid=3579560) (Worker_TP0 pid=3579560) INFO 07-21 13:10:41 [cuda.py:405] Using FLASH_ATTN attention backend out of potential backends: ['FLASH_ATTN', 'FLASHINFER', 'TRITON_ATTN', 'FLEX_ATTENTION'].
(Worker pid=3579560) (Worker_TP0 pid=3579560) INFO 07-21 13:10:41 [flash_attn.py:587] Using FlashAttention version 3
(Worker pid=3579560) (Worker_TP0 pid=3579560) INFO 07-21 13:10:41 [fp8.py:390] Using TRITON Fp8 MoE backend out of potential backends: ['TRITON', 'AITER', 'FLASHINFER_TRTLLM', 'FLASHINFER_CUTLASS', 'DEEPGEMM', 'MARLIN', 'BATCHED_DEEPGEMM', 'BATCHED_TRITON', 'XPU'].
(Worker pid=3579561) (Worker_TP1 pid=3579561) INFO 07-21 13:10:41 [vllm.py:747] Asynchronous scheduling is enabled.
(Worker pid=3579561) (Worker_TP1 pid=3579561) WARNING 07-21 13:10:41 [vllm.py:781] Enforce eager set, disabling torch.compile and CUDAGraphs. This is equivalent to setting -cc.mode=none -cc.cudagraph_mode=none
(Worker pid=3579561) (Worker_TP1 pid=3579561) WARNING 07-21 13:10:41 [vllm.py:792] Inductor compilation was disabled by user settings, optimizations settings that are only active during inductor compilation will be ignored.
(Worker pid=3579561) (Worker_TP1 pid=3579561) INFO 07-21 13:10:41 [vllm.py:957] Cudagraph is disabled under eager mode
(Worker pid=3579560) (Worker_TP0 pid=3579560) Loading safetensors checkpoint shards:   0% Completed | 0/24 [00:00<?, ?it/s]
(Worker pid=3579560) (Worker_TP0 pid=3579560) Loading safetensors checkpoint shards:   4% Completed | 1/24 [00:23<09:02, 23.59s/it]
(Worker pid=3579560) (Worker_TP0 pid=3579560) Loading safetensors checkpoint shards:   8% Completed | 2/24 [00:54<10:11, 27.80s/it]
(Worker pid=3579560) (Worker_TP0 pid=3579560) Loading safetensors checkpoint shards:  12% Completed | 3/24 [01:24<10:10, 29.08s/it]
(Worker pid=3579560) (Worker_TP0 pid=3579560) Loading safetensors checkpoint shards:  17% Completed | 4/24 [01:55<09:53, 29.70s/it]
(Worker pid=3579560) (Worker_TP0 pid=3579560) Loading safetensors checkpoint shards:  21% Completed | 5/24 [02:25<09:26, 29.80s/it]
(Worker pid=3579560) (Worker_TP0 pid=3579560) Loading safetensors checkpoint shards:  25% Completed | 6/24 [02:55<08:56, 29.80s/it]
(Worker pid=3579560) (Worker_TP0 pid=3579560) Loading safetensors checkpoint shards:  29% Completed | 7/24 [03:25<08:27, 29.87s/it]
(Worker pid=3579560) (Worker_TP0 pid=3579560) Loading safetensors checkpoint shards:  33% Completed | 8/24 [03:54<07:56, 29.76s/it]
(Worker pid=3579560) (Worker_TP0 pid=3579560) Loading safetensors checkpoint shards:  38% Completed | 9/24 [04:25<07:29, 29.99s/it]
(Worker pid=3579560) (Worker_TP0 pid=3579560) Loading safetensors checkpoint shards:  42% Completed | 10/24 [04:54<06:56, 29.74s/it]
(Worker pid=3579560) (Worker_TP0 pid=3579560) Loading safetensors checkpoint shards:  46% Completed | 11/24 [05:24<06:25, 29.65s/it]
(Worker pid=3579560) (Worker_TP0 pid=3579560) Loading safetensors checkpoint shards:  50% Completed | 12/24 [05:52<05:51, 29.32s/it]
(Worker pid=3579560) (Worker_TP0 pid=3579560) Loading safetensors checkpoint shards:  54% Completed | 13/24 [06:22<05:23, 29.45s/it]
(Worker pid=3579560) (Worker_TP0 pid=3579560) Loading safetensors checkpoint shards:  58% Completed | 14/24 [06:51<04:54, 29.41s/it]
(Worker pid=3579560) (Worker_TP0 pid=3579560) Loading safetensors checkpoint shards:  62% Completed | 15/24 [07:20<04:23, 29.31s/it]
(Worker pid=3579560) (Worker_TP0 pid=3579560) Loading safetensors checkpoint shards:  67% Completed | 16/24 [07:49<03:52, 29.11s/it]
(Worker pid=3579560) (Worker_TP0 pid=3579560) Loading safetensors checkpoint shards:  71% Completed | 17/24 [08:17<03:22, 28.87s/it]
(Worker pid=3579560) (Worker_TP0 pid=3579560) Loading safetensors checkpoint shards:  75% Completed | 18/24 [08:46<02:53, 28.84s/it]
(Worker pid=3579560) (Worker_TP0 pid=3579560) Loading safetensors checkpoint shards:  79% Completed | 19/24 [09:15<02:23, 28.77s/it]
(Worker pid=3579560) (Worker_TP0 pid=3579560) Loading safetensors checkpoint shards:  83% Completed | 20/24 [09:43<01:54, 28.72s/it]
(Worker pid=3579560) (Worker_TP0 pid=3579560) Loading safetensors checkpoint shards:  88% Completed | 21/24 [10:12<01:26, 28.71s/it]
(Worker pid=3579560) (Worker_TP0 pid=3579560) Loading safetensors checkpoint shards:  92% Completed | 22/24 [10:41<00:57, 28.98s/it]
(Worker pid=3579560) (Worker_TP0 pid=3579560) Loading safetensors checkpoint shards:  96% Completed | 23/24 [11:11<00:29, 29.13s/it]
(Worker pid=3579560) (Worker_TP0 pid=3579560) Loading safetensors checkpoint shards: 100% Completed | 24/24 [11:36<00:00, 27.98s/it]
(Worker pid=3579560) (Worker_TP0 pid=3579560) Loading safetensors checkpoint shards: 100% Completed | 24/24 [11:36<00:00, 29.03s/it]
(Worker pid=3579560) (Worker_TP0 pid=3579560) 
(Worker pid=3579560) (Worker_TP0 pid=3579560) INFO 07-21 13:22:19 [default_loader.py:293] Loading weights took 697.10 seconds
(Worker pid=3579560) (Worker_TP0 pid=3579560) INFO 07-21 13:22:19 [fp8.py:539] Using MoEPrepareAndFinalizeNoDPEPModular
(Worker pid=3579560) (Worker_TP0 pid=3579560) INFO 07-21 13:22:20 [gpu_model_runner.py:4364] Model loading took 55.84 GiB memory and 698.286108 seconds
(Worker pid=3579561) (Worker_TP1 pid=3579561) INFO 07-21 13:22:21 [gpu_model_runner.py:5280] Encoder cache will be initialized with a budget of 16384 tokens, and profiled with 1 image items of the maximum feature size.
(Worker pid=3579562) (Worker_TP2 pid=3579562) INFO 07-21 13:22:21 [gpu_model_runner.py:5280] Encoder cache will be initialized with a budget of 16384 tokens, and profiled with 1 image items of the maximum feature size.
(Worker pid=3579560) (Worker_TP0 pid=3579560) INFO 07-21 13:22:21 [gpu_model_runner.py:5280] Encoder cache will be initialized with a budget of 16384 tokens, and profiled with 1 image items of the maximum feature size.
(Worker pid=3579563) (Worker_TP3 pid=3579563) INFO 07-21 13:22:21 [gpu_model_runner.py:5280] Encoder cache will be initialized with a budget of 16384 tokens, and profiled with 1 image items of the maximum feature size.
(Worker pid=3579560) (Worker_TP0 pid=3579560) INFO 07-21 13:22:27 [fused_moe.py:1080] Using configuration from /jizhicfs/peterrao/miniconda3/envs/vllm_env/lib/python3.12/site-packages/vllm/model_executor/layers/fused_moe/configs/E=128,N=384,device_name=NVIDIA_H20,dtype=fp8_w8a8,block_shape=[128,128].json for MoE layer.
(Worker pid=3579560) (Worker_TP0 pid=3579560) INFO 07-21 13:22:38 [gpu_worker.py:424] Available KV cache memory: 26.99 GiB
(EngineCore_DP0 pid=3579552) INFO 07-21 13:22:38 [kv_cache_utils.py:1314] GPU KV cache size: 602,128 tokens
(EngineCore_DP0 pid=3579552) INFO 07-21 13:22:38 [kv_cache_utils.py:1319] Maximum concurrency for 32,768 tokens per request: 18.38x
(Worker pid=3579561) (Worker_TP1 pid=3579561) 2026-07-21 13:22:39,085 - INFO - autotuner.py:256 - flashinfer.jit: [Autotuner]: Autotuning process starts ...
(Worker pid=3579563) (Worker_TP3 pid=3579563) 2026-07-21 13:22:39,085 - INFO - autotuner.py:256 - flashinfer.jit: [Autotuner]: Autotuning process starts ...
(Worker pid=3579562) (Worker_TP2 pid=3579562) 2026-07-21 13:22:39,085 - INFO - autotuner.py:256 - flashinfer.jit: [Autotuner]: Autotuning process starts ...
(Worker pid=3579560) (Worker_TP0 pid=3579560) 2026-07-21 13:22:39,085 - INFO - autotuner.py:256 - flashinfer.jit: [Autotuner]: Autotuning process starts ...
(Worker pid=3579561) (Worker_TP1 pid=3579561) 2026-07-21 13:22:39,457 - INFO - autotuner.py:262 - flashinfer.jit: [Autotuner]: Autotuning process ends
(Worker pid=3579562) (Worker_TP2 pid=3579562) 2026-07-21 13:22:39,457 - INFO - autotuner.py:262 - flashinfer.jit: [Autotuner]: Autotuning process ends
(Worker pid=3579563) (Worker_TP3 pid=3579563) 2026-07-21 13:22:39,457 - INFO - autotuner.py:262 - flashinfer.jit: [Autotuner]: Autotuning process ends
(Worker pid=3579560) (Worker_TP0 pid=3579560) 2026-07-21 13:22:39,457 - INFO - autotuner.py:262 - flashinfer.jit: [Autotuner]: Autotuning process ends
(EngineCore_DP0 pid=3579552) INFO 07-21 13:22:40 [core.py:282] init engine (profile, create kv cache, warmup model) took 19.55 seconds
(EngineCore_DP0 pid=3579552) INFO 07-21 13:22:43 [vllm.py:747] Asynchronous scheduling is enabled.
(EngineCore_DP0 pid=3579552) WARNING 07-21 13:22:43 [vllm.py:781] Enforce eager set, disabling torch.compile and CUDAGraphs. This is equivalent to setting -cc.mode=none -cc.cudagraph_mode=none
(EngineCore_DP0 pid=3579552) WARNING 07-21 13:22:43 [vllm.py:792] Inductor compilation was disabled by user settings, optimizations settings that are only active during inductor compilation will be ignored.
(EngineCore_DP0 pid=3579552) INFO 07-21 13:22:43 [vllm.py:957] Cudagraph is disabled under eager mode
(EngineCore_DP0 pid=3579552) <frozen importlib._bootstrap_external>:1301: FutureWarning: The cuda.cudart module is deprecated and will be removed in a future release, please switch to use the cuda.bindings.runtime module instead.
(EngineCore_DP0 pid=3579552) <frozen importlib._bootstrap_external>:1301: FutureWarning: The cuda.nvrtc module is deprecated and will be removed in a future release, please switch to use the cuda.bindings.nvrtc module instead.
(APIServer pid=3579385) INFO 07-21 13:22:46 [api_server.py:495] Supported tasks: ['generate']
(APIServer pid=3579385) WARNING 07-21 13:22:46 [model.py:1355] Default vLLM sampling parameters have been overridden by the model's `generation_config.json`: `{'temperature': 0.7, 'top_k': 20, 'top_p': 0.8}`. If this is not intended, please relaunch vLLM instance with `--generation-config vllm`.
(APIServer pid=3579385) INFO 07-21 13:22:46 [serving.py:185] Warming up chat template processing...
(APIServer pid=3579385) INFO 07-21 13:22:47 [hf.py:318] Detected the chat template content format to be 'openai'. You can set `--chat-template-content-format` to override this.
(APIServer pid=3579385) INFO 07-21 13:22:47 [serving.py:210] Chat template warmup completed in 717.1ms
(APIServer pid=3579385) INFO 07-21 13:22:47 [api_server.py:500] Starting vLLM API server 0 on http://0.0.0.0:8000
(APIServer pid=3579385) INFO 07-21 13:22:47 [launcher.py:38] Available routes are:
(APIServer pid=3579385) INFO 07-21 13:22:47 [launcher.py:47] Route: /openapi.json, Methods: HEAD, GET
(APIServer pid=3579385) INFO 07-21 13:22:47 [launcher.py:47] Route: /docs, Methods: HEAD, GET
(APIServer pid=3579385) INFO 07-21 13:22:47 [launcher.py:47] Route: /docs/oauth2-redirect, Methods: HEAD, GET
(APIServer pid=3579385) INFO 07-21 13:22:47 [launcher.py:47] Route: /redoc, Methods: HEAD, GET
(APIServer pid=3579385) INFO 07-21 13:22:47 [launcher.py:47] Route: /tokenize, Methods: POST
(APIServer pid=3579385) INFO 07-21 13:22:47 [launcher.py:47] Route: /detokenize, Methods: POST
(APIServer pid=3579385) INFO 07-21 13:22:47 [launcher.py:47] Route: /load, Methods: GET
(APIServer pid=3579385) INFO 07-21 13:22:47 [launcher.py:47] Route: /version, Methods: GET
(APIServer pid=3579385) INFO 07-21 13:22:47 [launcher.py:47] Route: /health, Methods: GET
(APIServer pid=3579385) INFO 07-21 13:22:47 [launcher.py:47] Route: /metrics, Methods: GET
(APIServer pid=3579385) INFO 07-21 13:22:47 [launcher.py:47] Route: /v1/models, Methods: GET
(APIServer pid=3579385) INFO 07-21 13:22:47 [launcher.py:47] Route: /ping, Methods: GET
(APIServer pid=3579385) INFO 07-21 13:22:47 [launcher.py:47] Route: /ping, Methods: POST
(APIServer pid=3579385) INFO 07-21 13:22:47 [launcher.py:47] Route: /invocations, Methods: POST
(APIServer pid=3579385) INFO 07-21 13:22:47 [launcher.py:47] Route: /v1/chat/completions, Methods: POST
(APIServer pid=3579385) INFO 07-21 13:22:47 [launcher.py:47] Route: /v1/chat/completions/render, Methods: POST
(APIServer pid=3579385) INFO 07-21 13:22:47 [launcher.py:47] Route: /v1/responses, Methods: POST
(APIServer pid=3579385) INFO 07-21 13:22:47 [launcher.py:47] Route: /v1/responses/{response_id}, Methods: GET
(APIServer pid=3579385) INFO 07-21 13:22:47 [launcher.py:47] Route: /v1/responses/{response_id}/cancel, Methods: POST
(APIServer pid=3579385) INFO 07-21 13:22:47 [launcher.py:47] Route: /v1/completions, Methods: POST
(APIServer pid=3579385) INFO 07-21 13:22:47 [launcher.py:47] Route: /v1/completions/render, Methods: POST
(APIServer pid=3579385) INFO 07-21 13:22:47 [launcher.py:47] Route: /v1/messages, Methods: POST
(APIServer pid=3579385) INFO 07-21 13:22:47 [launcher.py:47] Route: /v1/messages/count_tokens, Methods: POST
(APIServer pid=3579385) INFO 07-21 13:22:47 [launcher.py:47] Route: /inference/v1/generate, Methods: POST
(APIServer pid=3579385) INFO 07-21 13:22:47 [launcher.py:47] Route: /scale_elastic_ep, Methods: POST
(APIServer pid=3579385) INFO 07-21 13:22:47 [launcher.py:47] Route: /is_scaling_elastic_ep, Methods: POST
(APIServer pid=3579385) INFO:     Started server process [3579385]
(APIServer pid=3579385) INFO:     Waiting for application startup.
(APIServer pid=3579385) INFO:     Application startup complete.
